&{{[{org.apache.hadoop.mapreduce.FileSystemCounter [{2363 FILE_BYTES_READ} {54372 FILE_BYTES_WRITTEN} {0 FILE_READ_OPS} {0 FILE_LARGE_READ_OPS} {0 FILE_WRITE_OPS} {0 HDFS_BYTES_READ} {0 HDFS_BYTES_WRITTEN} {0 HDFS_READ_OPS} {0 HDFS_LARGE_READ_OPS} {0 HDFS_WRITE_OPS}]} {org.apache.hadoop.mapreduce.TaskCounter [{0 COMBINE_INPUT_RECORDS} {0 COMBINE_OUTPUT_RECORDS} {460 REDUCE_INPUT_GROUPS} {2235 REDUCE_SHUFFLE_BYTES} {460 REDUCE_INPUT_RECORDS} {0 REDUCE_OUTPUT_RECORDS} {0 SPILLED_RECORDS} {1 SHUFFLED_MAPS} {0 FAILED_SHUFFLE} {1 MERGED_MAP_OUTPUTS} {26 GC_TIME_MILLIS} {860 CPU_MILLISECONDS} {107839488 PHYSICAL_MEMORY_BYTES} {1123147776 VIRTUAL_MEMORY_BYTES} {57475072 COMMITTED_HEAP_BYTES}]} {Shuffle Errors [{0 BAD_ID} {0 CONNECTION} {0 IO_ERROR} {0 WRONG_LENGTH} {0 WRONG_MAP} {0 WRONG_REDUCE}]} {org.apache.hadoop.mapreduce.lib.output.FileOutputFormatCounter [{0 BYTES_WRITTEN}]}] attempt_1326381300833_2_2_m_0_0}}
